
> trusted-knowledge-frontend@0.1.0 dev
> vite --host 0.0.0.0


  VITE v6.4.2  ready in 144 ms

  ➜  Local:   http://localhost:8021/
  ➜  Network: http://10.0.32.103:8021/
7:13:33 AM [vite] (client) hmr update /src/App.tsx, /src/styles.css
7:13:53 AM [vite] (client) hmr update /src/App.tsx, /src/styles.css
7:23:03 AM [vite] (client) hmr update /src/App.tsx, /src/styles.css
7:23:17 AM [vite] (client) hmr update /src/App.tsx, /src/styles.css
7:31:06 AM [vite] (client) hmr update /src/App.tsx, /src/styles.css
8:04:27 AM [vite] (client) hmr update /src/App.tsx, /src/styles.css
8:04:59 AM [vite] (client) hmr update /src/App.tsx, /src/styles.css
8:08:26 AM [vite] (client) hmr update /src/App.tsx, /src/styles.css
8:11:32 AM [vite] (client) hmr update /src/App.tsx, /src/styles.css
8:14:30 AM [vite] (client) hmr update /src/App.tsx, /src/styles.css
8:16:23 AM [vite] (client) hmr update /src/App.tsx, /src/styles.css
8:17:23 AM [vite] (client) hmr update /src/App.tsx, /src/styles.css
8:24:24 AM [vite] (client) hmr update /src/App.tsx, /src/styles.css
8:24:24 AM [vite] (client) hmr update /src/App.tsx, /src/styles.css
8:24:35 AM [vite] (client) hmr update /src/App.tsx, /src/styles.css
8:27:41 AM [vite] (client) hmr update /src/App.tsx, /src/styles.css
8:30:16 AM [vite] (client) hmr update /src/App.tsx, /src/styles.css
8:32:05 AM [vite] (client) hmr update /src/App.tsx, /src/styles.css
8:34:32 AM [vite] (client) hmr update /src/App.tsx, /src/styles.css
